// Jest Snapshot v1, https://goo.gl/fbAQLP

exports[`MainPage component should match the snapshot 1`] = `
<div
  style={
    {
      "margin": "0 auto",
      "overflow": "scroll",
      "width": "1440px",
    }
  }
>
  <div
    className="logo-container"
  />
  <div
    className="map-background"
  >
    <div
      className="frame-column"
    >
      <div
        className="map-brand"
      >
        <p
          className="map-brand-text"
        >
          Карта
        </p>
      </div>
      <p
        className="frame-text"
      >
        Карта терминалов от Finik, исследуйте, отмечайте и зарабатывайте баллы
      </p>
    </div>
  </div>
  <div
    className="phone-background phone-text-blocks"
  >
    <div
      className="phone-header-and-description"
    >
      <p
        className="header"
      >
        Исследуйте
      </p>
      <p
        className="description"
      >
        Карта терминалов от Finik, исследуйте, отмечайте и зарабатывайте баллы
      </p>
    </div>
    <div
      className="phone-header-and-description"
    >
      <p
        className="header"
      >
        Отмечайте
      </p>
      <p
        className="description"
      >
        Карта терминалов от Finik, исследуйте, отмечайте и зарабатывайте баллы
      </p>
    </div>
    <div
      className="phone-header-and-description"
    >
      <p
        className="header"
      >
        Зарабатывай баллы
      </p>
      <p
        className="description"
      >
        Карта терминалов от Finik, исследуйте, отмечайте и зарабатывайте баллы
      </p>
    </div>
  </div>
  <div
    className="advantages-container"
  >
    <div
      className="advantage-block advantage-block-radius"
      style={
        {
          "backgroundColor": "#CBEA5E",
          "color": "#000000",
        }
      }
    >
      <div
        className="advantage-half-block"
      />
      <div
        className="advantage-half-block"
      >
        <div
          className="advantage-text-container advantage-text advantage-text"
        >
          <p
            className="advantage-text-header"
          >
            Играй
            .
          </p>
          <p>
            Увлекательная игра
          </p>
        </div>
      </div>
    </div>
    <div
      className="advantage-block"
    >
      <div
        className="advantage-half-block advantage-block-radius"
        style={
          {
            "backgroundColor": "#FFFFFF",
            "color": "#000000",
          }
        }
      >
        <div
          className="advantage-text-container advantage-text advantage-half-block-text"
        >
          <p
            className="advantage-text-header"
          >
            Обменивай.
          </p>
          <p>
            Получай подарки
          </p>
        </div>
      </div>
      <div
        className="advantage-half-block"
      />
    </div>
    <div
      className="advantage-block advantage-block-radius"
      style={
        {
          "backgroundColor": "#0066FF",
          "color": "#FFFFFF",
        }
      }
    >
      <div
        className="advantage-half-block"
      />
      <div
        className="advantage-half-block"
      >
        <div
          className="advantage-text-container advantage-text advantage-text"
        >
          <p
            className="advantage-text-header"
          >
            Везде
            .
          </p>
          <p>
            На всех платформах
          </p>
        </div>
      </div>
    </div>
    <div
      className="advantage-block advantage-block-radius"
      style={
        {
          "backgroundColor": "#FFFFFF",
          "color": "#000000",
        }
      }
    >
      <div
        className="advantage-half-block"
      >
        <div
          style={
            {
              "display": "flex",
              "flexDirection": "column",
              "height": "100%",
              "justifyContent": "flex-end",
            }
          }
        />
      </div>
      <div
        className="advantage-half-block"
      >
        <div
          className="advantage-text-container advantage-text advantage-text"
        >
          <p
            className="advantage-text-header"
          >
            Оглянись
            .
          </p>
          <p>
            Терминалы везде
          </p>
        </div>
      </div>
    </div>
    <div
      className="advantage-block"
    >
      <div
        className="advantage-half-block"
      />
      <div
        className="advantage-half-block advantage-block-radius"
        style={
          {
            "backgroundColor": "#FFFFFF",
            "color": "#000000",
          }
        }
      >
        <div
          className="advantage-text-container advantage-text advantage-half-block-text"
        >
          <p
            className="advantage-text-header"
          >
            Отмечай.
          </p>
          <p>
            Мы поставим терминал
          </p>
        </div>
      </div>
    </div>
    <div
      className="advantage-block advantages-block-with-background"
      style={
        {
          "alignItems": "center",
          "color": "#ffffff",
          "display": "flex",
          "flexDirection": "column",
          "justifyContent": "center",
          "textAlign": "center",
        }
      }
    >
      <div
        className="advantage-text"
        style={
          {
            "color": "#ffffff",
            "textAlign": "center",
          }
        }
      >
        <p
          className="advantage-text-header"
        >
          Изучай.
        </p>
        <p>
          Уникальная карта
        </p>
      </div>
      <div
        style={
          {
            "display": "flex",
            "flexDirection": "row",
            "justifyContent": "space-between",
            "marginTop": "50px",
            "position": "absolute",
            "width": "1200px",
          }
        }
      />
    </div>
  </div>
  <div
    className="footer-outer-container"
  >
    <div
      className="footer-inner-container"
    >
      <div
        className="footer-brand"
      >
        <p
          className="footer-brand-bigger-text"
        >
          Удобное и надежное отечественное приложение для оплаты в Кыргызстане
        </p>
        <p
          className="footer-brand-smaller-text"
        >
          ©2022 Averspay Лицензия НБКР № 3006010615, № 2006010615 от 06.02.2015
        </p>
      </div>
      <div
        className="footer-links"
      >
        <p
          className="footer-first-link"
        >
          Продукты
        </p>
        <p>
          Кошелек
        </p>
        <p>
          Терминалы
        </p>
        <p>
          Эквайринг
        </p>
      </div>
      <div
        className="footer-links"
      >
        <p
          className="footer-first-link"
        >
          О нас
        </p>
        <p>
          Компания
        </p>
        <p>
          Документы
        </p>
      </div>
      <div
        className="footer-contacts"
      />
    </div>
  </div>
</div>
`;
