// Jest Snapshot v1, https://goo.gl/fbAQLP

exports[`MainPage component should match the snapshot 1`] = `
<div
  style={
    {
      "margin": "0 auto",
      "overflow": "scroll",
      "width": "1440px",
    }
  }
>
  <div
    className="logo-container"
  />
  <div
    className="map-background"
  >
    <div
      className="frame-column"
    >
      <p
        className="frame-text"
      >
        Карта терминалов от Finik, исследуйте, отмечайте и зарабатывайте баллы
      </p>
    </div>
  </div>
  <div
    className="phone-background phone-text-blocks"
  >
    <div
      className="phone-header-and-description"
    >
      <p
        className="header"
      >
        Исследуйте
      </p>
      <p
        className="description"
      >
        Карта терминалов от Finik, исследуйте, отмечайте и зарабатывайте баллы
      </p>
    </div>
    <div
      className="phone-header-and-description"
    >
      <p
        className="header"
      >
        Отмечайте
      </p>
      <p
        className="description"
      >
        Карта терминалов от Finik, исследуйте, отмечайте и зарабатывайте баллы
      </p>
    </div>
    <div
      className="phone-header-and-description"
    >
      <p
        className="header"
      >
        Зарабатывай баллы
      </p>
      <p
        className="description"
      >
        Карта терминалов от Finik, исследуйте, отмечайте и зарабатывайте баллы
      </p>
    </div>
  </div>
  <div
    className="advantages-container"
  >
    <div
      className="advantage-block advantage-block-radius"
      style={
        {
          "backgroundColor": "#CBEA5E",
          "color": "#000000",
        }
      }
    >
      <div
        className="advantage-block-text"
      >
        <p
          className="advantage-block-text-header"
        >
          Играй
          .
        </p>
        <p>
          Увлекательная игра
        </p>
      </div>
    </div>
    <div
      className="advantage-block-half"
    />
    <div
      className="advantage-block advantage-block-radius"
      style={
        {
          "backgroundColor": "#0066FF",
          "color": "#FFFFFF",
        }
      }
    >
      <div
        className="advantage-block-text"
      >
        <p
          className="advantage-block-text-header"
        >
          Везде
          .
        </p>
        <p>
          На всех платформах
        </p>
      </div>
    </div>
    <div
      className="advantage-block advantage-block-radius"
      style={
        {
          "backgroundColor": "#FFFFFF",
          "color": "#000000",
        }
      }
    >
      <div
        className="advantage-block-text"
      >
        <p
          className="advantage-block-text-header"
        >
          Оглянись
          .
        </p>
        <p>
          Терминалы везде
        </p>
      </div>
    </div>
  </div>
</div>
`;
