// Jest Snapshot v1, https://goo.gl/fbAQLP

exports[`AboutUs component should match the snapshot 1`] = `
<div
  className="login-modal-container"
>
  <div
    className="login-modal"
  >
    <div
      className="login-ellipses-container"
    >
      <div
        className="login-ellipse-left-container"
      >
        <div
          className="login-ellipse login-ellipse-green"
        />
      </div>
      <div
        className="login-ellipse-right-container"
      >
        <div
          className="login-ellipse login-ellipse-blue"
        />
      </div>
    </div>
    <div
      className="login-modal-content-container"
    >
      <div
        className="login-modal-top-container"
      >
        <p
          className="login-modal-header"
        >
          brand
           
          map
        </p>
        <p
          className="login-modal-description"
        >
          loginCallToAction
        </p>
      </div>
      <div
        className="login-modal-bottom-container"
      >
        <input
          className="login-modal-button-black-on-green"
          type="button"
          value="accountLogin"
        />
        <input
          className="login-modal-button-green-on-black"
          onClick={[Function]}
          type="button"
          value="accountRegister"
        />
      </div>
    </div>
  </div>
</div>
`;
