// Jest Snapshot v1, https://goo.gl/fbAQLP

exports[`PasswordResetRequestForm snapshot tests should match the snapshot 1`] = `
[
  <div
    className="login-modal-input-container"
  >
    <p
      className="login-modal-input-help"
    >
      mailForPasswordReset
    </p>
    <div
      className="login-modal-input-box-container"
    >
      <input
        className="login-modal-input-text"
        data-testid="emailInput"
        onChange={[Function]}
        type="email"
        value="reset@password.kr"
      />
    </div>
    <p
      className="login-modal-input-help login-modal-wrong-input"
    >
      somethingIsWrong
    </p>
  </div>,
  <div
    className="login-modal-button-container"
  >
    <button
      className="login-modal-button-black-on-green"
      onClick={[Function]}
    >
      OTPSendSMS
    </button>
  </div>,
]
`;
