// Jest Snapshot v1, https://goo.gl/fbAQLP

exports[`WelcomeForm snapshot tests should match the snapshot 1`] = `
[
  <div
    className="login-modal-input-container"
  />,
  <div
    className="login-modal-button-container"
  >
    <button
      className="login-modal-button-black-on-green"
      data-testid="loginButton"
      onClick={[Function]}
    >
      accountLogin
    </button>
    <button
      className="login-modal-button-green-on-black"
      data-testid="registerButton"
      onClick={[Function]}
    >
      accountRegister
    </button>
  </div>,
]
`;
