// Jest Snapshot v1, https://goo.gl/fbAQLP

exports[`Device List snapshot tests should show only the device matching the selected marker 1`] = `
<div
  className="device-list-container"
>
  <div
    className="device-list-item-container"
  >
    <div
      className="device-list-item-shadow device-list-item-shadow-left device-list-item-created-shadow-left"
    />
    <div
      className="device-list-item-shadow device-list-item-shadow-right device-list-item-created-shadow-right"
    />
    <img
      alt="device-list-item-image"
      className="device-list-item-image"
      src="test-file-stub"
    />
    <div
      className="device-list-item"
    >
      <p>
        Matching selected marker
      </p>
      <button
        className="device-list-item-opaque-text"
      >
        deviceReportBroken
      </button>
    </div>
  </div>
  <div
    className="device-list-item-container"
  >
    <div
      className="device-list-item-shadow device-list-item-shadow-left device-list-item-create-shadow-left"
    />
    <div
      className="device-list-item-shadow device-list-item-shadow-right device-list-item-create-shadow-right"
    />
    <img
      alt="device-list-item-image"
      className="device-list-item-image"
      src="test-file-stub"
    />
    <div
      className="device-list-item"
    >
      <p
        className="device-list-item-opaque-text"
      >
        deviceNoDeviceHere
      </p>
      <button
        data-testid="createAccountOrLoginButton"
        onClick={[Function]}
      >
        deviceCreateAccountOrLogin
      </button>
    </div>
  </div>
</div>
`;
