// Jest Snapshot v1, https://goo.gl/fbAQLP

exports[`MainPage component should match the snapshot 1`] = `
<div
  className="main-page-container"
>
  <header>
    <div
      className="header-logo-container"
    >
      <img
        alt="logo"
        src="test-file-stub"
      />
    </div>
  </header>
  <section
    className="hero-container"
  >
    <div
      className="hero-background-video"
    >
      <video
        autoPlay={true}
        loop={true}
        muted={true}
      >
        <source
          src="test-file-stub"
          type="video/mp4"
        />
      </video>
    </div>
    <div
      className="hero-content-container"
    >
      <div
        className="hero-brand"
      >
        <img
          alt="logo-with-brand"
          src="test-file-stub"
        />
        <p>
          Карта
        </p>
      </div>
      <p
        className="hero-text"
      >
        Карта терминалов от Finik, исследуйте, отмечайте и зарабатывайте баллы
      </p>
      <div
        className="hero-links"
      >
        <a
          href="/webapp"
        >
          <img
            alt="hero-links-webapp"
            src="test-file-stub"
          />
        </a>
        <img
          alt="hero-links-google-play"
          src="test-file-stub"
        />
        <img
          alt="hero-links-apple-store"
          src="test-file-stub"
        />
      </div>
    </div>
  </section>
  <section
    className="phone-text-blocks"
  >
    <div
      className="phone-text-block"
    >
      <p>
        Исследуйте
      </p>
      <span>
        Карта терминалов от Finik, исследуйте, отмечайте и зарабатывайте баллы
      </span>
    </div>
    <div
      className="phone-text-block"
    >
      <p>
        Отмечайте
      </p>
      <span>
        Карта терминалов от Finik, исследуйте, отмечайте и зарабатывайте баллы
      </span>
    </div>
    <div
      className="phone-text-block"
    >
      <p>
        Зарабатывай баллы
      </p>
      <span>
        Карта терминалов от Finik, исследуйте, отмечайте и зарабатывайте баллы
      </span>
    </div>
  </section>
  <section
    className="advantages-container"
  >
    <div
      className="advantage-block advantage-block-radius"
      style={
        {
          "backgroundColor": "#CBEA5E",
          "color": "#000000",
        }
      }
    >
      <div
        className="advantage-block-half"
      >
        <div
          className=""
        />
      </div>
      <div
        className="advantage-block-half"
      >
        <div
          className="advantage-block-text advantage-block-half-text-container"
        >
          <p>
            Играй
            .
          </p>
          <p>
            Увлекательная игра
          </p>
        </div>
      </div>
    </div>
    <div
      className="advantage-block"
    >
      <div
        className="advantage-block-half advantage-block-radius"
        style={
          {
            "backgroundColor": "#FFFFFF",
            "color": "#000000",
          }
        }
      >
        <div
          className="advantage-block-text advantage-block-half-text-container"
        >
          <p>
            Обменивай
            .
          </p>
          <p>
            Получай подарки
          </p>
        </div>
      </div>
      <div
        className="advantage-block-half"
      />
    </div>
    <div
      className="advantage-block advantage-block-radius"
      style={
        {
          "backgroundColor": "#0066FF",
          "color": "#FFFFFF",
        }
      }
    >
      <div
        className="advantage-block-half"
      >
        <div
          className=""
        />
      </div>
      <div
        className="advantage-block-half"
      >
        <div
          className="advantage-block-text advantage-block-half-text-container"
        >
          <p>
            Везде
            .
          </p>
          <p>
            На всех платформах
          </p>
        </div>
      </div>
    </div>
    <div
      className="advantage-block advantage-block-radius"
      style={
        {
          "backgroundColor": "#FFFFFF",
          "color": "#000000",
        }
      }
    >
      <div
        className="advantage-block-half"
      >
        <div
          className="advantage-block-terminal-image-container"
        />
      </div>
      <div
        className="advantage-block-half"
      >
        <div
          className="advantage-block-text advantage-block-half-text-container"
        >
          <p>
            Оглянись
            .
          </p>
          <p>
            Терминалы везде
          </p>
        </div>
      </div>
    </div>
    <div
      className="advantage-block"
    >
      <div
        className="advantage-block-half"
      />
      <div
        className="advantage-block-half advantage-block-radius"
        style={
          {
            "backgroundColor": "#FFFFFF",
            "color": "#000000",
          }
        }
      >
        <div
          className="advantage-block-text advantage-block-half-text-container"
        >
          <p>
            Отмечай
            .
          </p>
          <p>
            Мы поставим терминал
          </p>
        </div>
      </div>
    </div>
    <div
      className="advantage-block advantages-block-map"
    >
      <div
        className="advantage-block-text"
      >
        <p>
          Изучай.
        </p>
        <p>
          Уникальная карта
        </p>
      </div>
      <div
        className="advantage-block-map-shadows"
      />
    </div>
  </section>
  <footer
    className="footer-outer-container"
  >
    <div
      className="footer-inner-container"
    >
      <div
        className="footer-brand"
      >
        <div
          className="footer-brand-logo"
        >
          <img
            alt="logo"
            src="test-file-stub"
          />
          <p>
            Finik
          </p>
        </div>
        <div
          className="footer-brand-description"
        >
          <p>
            Удобное и надежное отечественное приложение для оплаты в Кыргызстане
          </p>
          <p>
            ©2022 Averspay
            <br />
            Лицензия НБКР № 3006010615, № 2006010615 от 06.02.2015
          </p>
        </div>
      </div>
      <ul
        className="footer-links"
      >
        <li>
          Продукты
        </li>
        <li>
          Кошелек
        </li>
        <li>
          Терминалы
        </li>
        <li>
          Эквайринг
        </li>
      </ul>
      <ul
        className="footer-links"
      >
        <li>
          О нас
        </li>
        <li>
          Компания
        </li>
        <li>
          Документы
        </li>
      </ul>
      <div
        className="footer-contacts"
      >
        <img
          alt="social-facebook"
          src="test-file-stub"
        />
        <img
          alt="social-twitter"
          src="test-file-stub"
        />
        <img
          alt="social-instagram"
          src="test-file-stub"
        />
        <img
          alt="social-linkedin"
          src="test-file-stub"
        />
        <img
          alt="social-youtube"
          src="test-file-stub"
        />
        <img
          alt="social-telegram"
          src="test-file-stub"
        />
      </div>
    </div>
  </footer>
</div>
`;
